exports[`<Lobby /> renders correctly 1`] = `
<div
  className="centered">
  <h2>
    You are in lobby 
    <br />
     
    <strong />
  </h2>
  <h2>
    You are the leader
  </h2>
  <h4>
    Players in lobby:
  </h4>
  <div
    className="playerList">
    <div
      className="playerListItem">
      Dane
    </div>
    <div
      className="playerListItem">
      Cole
    </div>
  </div>
  <div
    className="footer">
    <button
      className="btn btn-primary"
      disabled={false}
      type="button">
      Start Game
    </button>
  </div>
</div>
`;
