exports[`<TargetPane /> renders correctly 1`] = `
<div
  className="well">
  <img
    alt="User"
    style={
      Object {
        "display": "inline-block",
      }
    } />
  <span
    style={
      Object {
        "display": "inline-block",
        "marginLeft": "70%",
      }
    }>
    Name: 
    Frank
  </span>
</div>
`;
